Command (m for help): d
Selected partition 1

Command (m for help): 1
1: unknown command
Command action
   a   toggle a bootable flag
   b   edit bsd disklabel
   c   toggle the dos compatibility flag
   d   delete a partition
   l   list known partition types
   m   print this menu
   n   add a new partition
   o   create a new empty DOS partition table
   p   print the partition table
   q   quit without saving changes
   s   create a new empty Sun disklabel
   t   change a partition's system id
   u   change display/entry units
   v   verify the partition table
   w   write table to disk and exit
   x   extra functionality (experts only)

Command (m for help): d
No partition is defined yet!

Command (m for help): n
Command action
   e   extended
   p   primary partition (1-4)
p
Partition number (1-4): 1
First cylinder (1-130, default 1): 
Using default value 1
Last cylinder or +size or +sizeM or +sizeK (1-130, default 130): +200m

Command (m for help): n
Command action
   e   extended
   p   primary partition (1-4)
p
Partition number (1-4): 2
First cylinder (26-130, default 26):      
Using default value 26
Last cylinder or +size or +sizeM or +sizeK (26-130, default 130): +200m

Command (m for help): n
Command action
   e   extended
   p   primary partition (1-4)
p
Partition number (1-4): 3
First cylinder (51-130, default 51):         
Using default value 51
Last cylinder or +size or +sizeM or +sizeK (51-130, default 130): +200m  

Command (m for help): w
The partition table has been altered!

Calling ioctl() to re-read partition table.
Syncing disks.
[root@localhost ~]# fdisk /dev/sdc

Command (m for help): p

Disk /dev/sdc: 1073 MB, 1073741824 bytes
255 heads, 63 sectors/track, 130 cylinders
Units = cylinders of 16065 * 512 = 8225280 bytes

   Device Boot      Start         End      Blocks   Id  System
/dev/sdc1               1          25      200781   83  Linux
/dev/sdc2              26          50      200812+  83  Linux
/dev/sdc3              51          75      200812+  83  Linux

Command (m for help): t
Partition number (1-4): 1
Hex code (type L to list codes): 8e
Changed system type of partition 1 to 8e (Linux LVM)

Command (m for help): t
Partition number (1-4): 2
Hex code (type L to list codes): 8e   
Changed system type of partition 2 to 8e (Linux LVM)

Command (m for help): t
Partition number (1-4): 3
Hex code (type L to list codes): 8e
Changed system type of partition 3 to 8e (Linux LVM)

Command (m for help): w
The partition table has been altered!

Calling ioctl() to re-read partition table.
Syncing disks.
[root@localhost ~]# fdisk /dev/sdc

Command (m for help): p

Disk /dev/sdc: 1073 MB, 1073741824 bytes
255 heads, 63 sectors/track, 130 cylinders
Units = cylinders of 16065 * 512 = 8225280 bytes

   Device Boot      Start         End      Blocks   Id  System
/dev/sdc1               1          25      200781   8e  Linux LVM
/dev/sdc2              26          50      200812+  8e  Linux LVM
/dev/sdc3              51          75      200812+  8e  Linux LVM

Command (m for help): w
The partition table has been altered!

Calling ioctl() to re-read partition table.
Syncing disks.
[root@localhost ~]# pvcreate /dev/sdc{1,2}
  Physical volume "/dev/sdc1" successfully created
  Physical volume "/dev/sdc2" successfully created
[root@localhost ~]# pvs
  PV         VG         Fmt  Attr PSize   PFree  
  /dev/sda2  VolGroup00 lvm2 a-    19.88G      0 
  /dev/sdc1             lvm2 --   196.08M 196.08M
  /dev/sdc2             lvm2 --   196.11M 196.11M
[root@localhost ~]# pvdisplay
  --- Physical volume ---
  PV Name               /dev/sda2
  VG Name               VolGroup00
  PV Size               19.89 GB / not usable 19.49 MB
  Allocatable           yes (but full)
  PE Size (KByte)       32768
  Total PE              636
  Free PE               0
  Allocated PE          636
  PV UUID               MO55PX-zRcp-esmY-J2Gj-kCxR-gEiL-DgwOjc
   
  "/dev/sdc1" is a new physical volume of "196.08 MB"
  --- NEW Physical volume ---
  PV Name               /dev/sdc1
  VG Name               
  PV Size               196.08 MB
  Allocatable           NO
  PE Size (KByte)       0
  Total PE              0
  Free PE               0
  Allocated PE          0
  PV UUID               aGHmjI-aHpn-fYOe-Eefl-UYKF-I3xU-FuRq10
   
  "/dev/sdc2" is a new physical volume of "196.11 MB"
  --- NEW Physical volume ---
  PV Name               /dev/sdc2
  VG Name               
  PV Size               196.11 MB
  Allocatable           NO
  PE Size (KByte)       0
  Total PE              0
  Free PE               0
  Allocated PE          0
  PV UUID               jZ6EJo-t1eb-7KCI-Nfko-zkQT-b8sk-ILnX0s
   
[root@localhost ~]# pvdisplay /dev/sdc2
  "/dev/sdc2" is a new physical volume of "196.11 MB"
  --- NEW Physical volume ---
  PV Name               /dev/sdc2
  VG Name               
  PV Size               196.11 MB
  Allocatable           NO
  PE Size (KByte)       0
  Total PE              0
  Free PE               0
  Allocated PE          0
  PV UUID               jZ6EJo-t1eb-7KCI-Nfko-zkQT-b8sk-ILnX0s
   
[root@localhost ~]# pvscan
  PV /dev/sda2   VG VolGroup00      lvm2 [19.88 GB / 0    free]
  PV /dev/sdc1                      lvm2 [196.08 MB]
  PV /dev/sdc2                      lvm2 [196.11 MB]
  Total: 3 [20.26 GB] / in use: 1 [19.88 GB] / in no VG: 2 [392.18 MB]
[root@localhost ~]# vgcreate myvg /dev/sdc{1,2}
  Volume group "myvg" successfully created
You have new mail in /var/spool/mail/root
[root@localhost ~]# vgs
  VG         #PV #LV #SN Attr   VSize   VFree  
  VolGroup00   1   2   0 wz--n-  19.88G      0 
  myvg         2   0   0 wz--n- 384.00M 384.00M
[root@localhost ~]# vgdisplay myvg
  --- Volume group ---
  VG Name               myvg
  System ID             
  Format                lvm2
  Metadata Areas        2
  Metadata Sequence No  1
  VG Access             read/write
  VG Status             resizable
  MAX LV                0
  Cur LV                0
  Open LV               0
  Max PV                0
  Cur PV                2
  Act PV                2
  VG Size               384.00 MB
  PE Size               4.00 MB
  Total PE              96
  Alloc PE / Size       0 / 0   
  Free  PE / Size       96 / 384.00 MB
  VG UUID               IUufg5-naJR-Rok9-6bKS-0WKR-hhZa-nekHCE
   
[root@localhost ~]# pvdisplay /dev/sdc1
  --- Physical volume ---
  PV Name               /dev/sdc1
  VG Name               myvg
  PV Size               196.08 MB / not usable 4.08 MB
  Allocatable           yes 
  PE Size (KByte)       4096
  Total PE              48
  Free PE               48
  Allocated PE          0
  PV UUID               aGHmjI-aHpn-fYOe-Eefl-UYKF-I3xU-FuRq10
   
[root@localhost ~]# pvs
  PV         VG         Fmt  Attr PSize   PFree  
  /dev/sda2  VolGroup00 lvm2 a-    19.88G      0 
  /dev/sdc1  myvg       lvm2 a-   192.00M 192.00M
  /dev/sdc2  myvg       lvm2 a-   192.00M 192.00M
[root@localhost ~]# vgremove myvg
  Volume group "myvg" successfully removed
[root@localhost ~]# vgcreate -s 8MB /dev/sdc{1,3}
  /dev/sdc1: already exists in filesystem
  New volume group name "sdc1" is invalid
  Run `vgcreate --help' for more information.
[root@localhost ~]# vgcreate -s 8MB /dev/sdc{1,2}
  /dev/sdc1: already exists in filesystem
  New volume group name "sdc1" is invalid
  Run `vgcreate --help' for more information.
[root@localhost ~]# vgdisplay 
  --- Volume group ---
  VG Name               VolGroup00
  System ID             
  Format                lvm2
  Metadata Areas        1
  Metadata Sequence No  3
  VG Access             read/write
  VG Status             resizable
  MAX LV                0
  Cur LV                2
  Open LV               2
  Max PV                0
  Cur PV                1
  Act PV                1
  VG Size               19.88 GB
  PE Size               32.00 MB
  Total PE              636
  Alloc PE / Size       636 / 19.88 GB
  Free  PE / Size       0 / 0   
  VG UUID               doj2QZ-FbIZ-uXZ3-pZ4x-ocvH-QJW5-IYoeQE
   
[root@localhost ~]# pv
-bash: pv: command not found
[root@localhost ~]# pvs
  PV         VG         Fmt  Attr PSize   PFree  
  /dev/sda2  VolGroup00 lvm2 a-    19.88G      0 
  /dev/sdc1             lvm2 --   196.08M 196.08M
  /dev/sdc2             lvm2 --   196.11M 196.11M
[root@localhost ~]# pvre
pvremove  pvresize  
[root@localhost ~]# pvremove /dev/sdc1
  Labels on physical volume "/dev/sdc1" successfully wiped
[root@localhost ~]# pvremove /dev/sdc2
  Labels on physical volume "/dev/sdc2" successfully wiped
[root@localhost ~]# pvs
  PV         VG         Fmt  Attr PSize  PFree
  /dev/sda2  VolGroup00 lvm2 a-   19.88G    0 
[root@localhost ~]# pvcreate /dev/sdc{1,3}
  Physical volume "/dev/sdc1" successfully created
  Physical volume "/dev/sdc3" successfully created
[root@localhost ~]# pvcreate /dev/sdc2
  Physical volume "/dev/sdc2" successfully created
[root@localhost ~]# pvdisplay 
  --- Physical volume ---
  PV Name               /dev/sda2
  VG Name               VolGroup00
  PV Size               19.89 GB / not usable 19.49 MB
  Allocatable           yes (but full)
  PE Size (KByte)       32768
  Total PE              636
  Free PE               0
  Allocated PE          636
  PV UUID               MO55PX-zRcp-esmY-J2Gj-kCxR-gEiL-DgwOjc
   
  "/dev/sdc1" is a new physical volume of "196.08 MB"
  --- NEW Physical volume ---
  PV Name               /dev/sdc1
  VG Name               
  PV Size               196.08 MB
  Allocatable           NO
  PE Size (KByte)       0
  Total PE              0
  Free PE               0
  Allocated PE          0
  PV UUID               6JEKkm-vp6e-olPi-fQZm-JBFO-cjbJ-gGh9a3
   
  "/dev/sdc2" is a new physical volume of "196.11 MB"
  --- NEW Physical volume ---
  PV Name               /dev/sdc2
  VG Name               
  PV Size               196.11 MB
  Allocatable           NO
  PE Size (KByte)       0
  Total PE              0
  Free PE               0
  Allocated PE          0
  PV UUID               JpyfdT-pW55-tydo-7bX1-BJ1e-bnaV-0eTrbI
   
  "/dev/sdc3" is a new physical volume of "196.11 MB"
  --- NEW Physical volume ---
  PV Name               /dev/sdc3
  VG Name               
  PV Size               196.11 MB
  Allocatable           NO
  PE Size (KByte)       0
  Total PE              0
  Free PE               0
  Allocated PE          0
  PV UUID               l5qqza-0Vhb-y0UW-Ulg0-1kke-WwJA-ikIqIP
   
[root@localhost ~]# vgcreate -s 8MB myvg /dev/sdc{1,2,3}
  Volume group "myvg" successfully created
[root@localhost ~]# vgdisplay 
  --- Volume group ---
  VG Name               myvg
  System ID             
  Format                lvm2
  Metadata Areas        3
  Metadata Sequence No  1
  VG Access             read/write
  VG Status             resizable
  MAX LV                0
  Cur LV                0
  Open LV               0
  Max PV                0
  Cur PV                3
  Act PV                3
  VG Size               576.00 MB
  PE Size               8.00 MB
  Total PE              72
  Alloc PE / Size       0 / 0   
  Free  PE / Size       72 / 576.00 MB
  VG UUID               VTod01-L7lL-GxAd-SfPX-y50c-j4r5-laDECx
   
  --- Volume group ---
  VG Name               VolGroup00
  System ID             
  Format                lvm2
  Metadata Areas        1
  Metadata Sequence No  3
  VG Access             read/write
  VG Status             resizable
  MAX LV                0
  Cur LV                2
  Open LV               2
  Max PV                0
  Cur PV                1
  Act PV                1
  VG Size               19.88 GB
  PE Size               32.00 MB
  Total PE              636
  Alloc PE / Size       636 / 19.88 GB
  Free  PE / Size       0 / 0   
  VG UUID               doj2QZ-FbIZ-uXZ3-pZ4x-ocvH-QJW5-IYoeQE
   
[root@localhost ~]# vgs
  VG         #PV #LV #SN Attr   VSize   VFree  
  VolGroup00   1   2   0 wz--n-  19.88G      0 
  myvg         3   0   0 wz--n- 576.00M 576.00M
[root@localhost ~]# pvmove /dev/sdc2
  No data to move for myvg
[root@localhost ~]# vgs
  VG         #PV #LV #SN Attr   VSize   VFree  
  VolGroup00   1   2   0 wz--n-  19.88G      0 
  myvg         3   0   0 wz--n- 576.00M 576.00M
[root@localhost ~]# vgreduce myvg /dev/sdc2
  Removed "/dev/sdc2" from volume group "myvg"
[root@localhost ~]# vgs
  VG         #PV #LV #SN Attr   VSize   VFree  
  VolGroup00   1   2   0 wz--n-  19.88G      0 
  myvg         2   0   0 wz--n- 384.00M 384.00M
[root@localhost ~]# pvs
  PV         VG         Fmt  Attr PSize   PFree  
  /dev/sda2  VolGroup00 lvm2 a-    19.88G      0 
  /dev/sdc1  myvg       lvm2 a-   192.00M 192.00M
  /dev/sdc2             lvm2 --   196.11M 196.11M
  /dev/sdc3  myvg       lvm2 a-   192.00M 192.00M
[root@localhost ~]# vgextend myvg /dev/sdc2
  Volume group "myvg" successfully extended
[root@localhost ~]# vgs
  VG         #PV #LV #SN Attr   VSize   VFree  
  VolGroup00   1   2   0 wz--n-  19.88G      0 
  myvg         3   0   0 wz--n- 576.00M 576.00M
[root@localhost ~]# pvdisplay /dev/sdc2
  --- Physical volume ---
  PV Name               /dev/sdc2
  VG Name               myvg
  PV Size               196.11 MB / not usable 4.11 MB
  Allocatable           yes 
  PE Size (KByte)       8192
  Total PE              24
  Free PE               24
  Allocated PE          0
  PV UUID               JpyfdT-pW55-tydo-7bX1-BJ1e-bnaV-0eTrbI
   
[root@localhost ~]# lvcreate -L 300M -n testlv myvg
  Rounding up size to full physical extent 304.00 MB
  Logical volume "testlv" created
[root@localhost ~]# lvs
  LV       VG         Attr   LSize   Origin Snap%  Move Log Copy%  Convert
  LogVol00 VolGroup00 -wi-ao  18.38G                                      
  LogVol01 VolGroup00 -wi-ao   1.50G                                      
  testlv   myvg       -wi-a- 304.00M                                      
[root@localhost ~]# df
?¨C?????3????               1K-??¡ª        ?¡¤2?¡±¡§     ??¡¥?¡±¡§ ?¡¤2?¡±¡§% ???¨¨????1
/dev/mapper/VolGroup00-LogVol00
                      18664164   7265688  10435100  42% /
/dev/sda1               101086     12178     83689  13% /boot
tmpfs                   137728         0    137728   0% /dev/shm
[root@localhost ~]# df -l
?¨C?????3????               1K-??¡ª        ?¡¤2?¡±¡§     ??¡¥?¡±¡§ ?¡¤2?¡±¡§% ???¨¨????1
/dev/mapper/VolGroup00-LogVol00
                      18664164   7265688  10435100  42% /
/dev/sda1               101086     12178     83689  13% /boot
tmpfs                   137728         0    137728   0% /dev/shm
[root@localhost ~]# df -lh
?¨C?????3????              ??1¨¦??  ?¡¤2?¡±¡§ ??¡¥?¡±¡§ ?¡¤2?¡±¡§% ???¨¨????1
/dev/mapper/VolGroup00-LogVol00
                       18G  7.0G   10G  42% /
/dev/sda1              99M   12M   82M  13% /boot
tmpfs                 135M     0  135M   0% /dev/shm
[root@localhost ~]# lvdisplay 
  --- Logical volume ---
  LV Name                /dev/myvg/testlv
  VG Name                myvg
  LV UUID                h4RVbE-0Uvi-jUGu-V9tH-tLFK-aBCq-x3FNr2
  LV Write Access        read/write
  LV Status              available
  # open                 0
  LV Size                304.00 MB
  Current LE             38
  Segments               2
  Allocation             inherit
  Read ahead sectors     auto
  - currently set to     256
  Block device           253:2
   
  --- Logical volume ---
  LV Name                /dev/VolGroup00/LogVol00
  VG Name                VolGroup00
  LV UUID                hATlJN-2f04-e8Rs-O1K9-CeAn-xCWD-FyiL5d
  LV Write Access        read/write
  LV Status              available
  # open                 1
  LV Size                18.38 GB
  Current LE             588
  Segments               1
  Allocation             inherit
  Read ahead sectors     auto
  - currently set to     256
  Block device           253:0
   
  --- Logical volume ---
  LV Name                /dev/VolGroup00/LogVol01
  VG Name                VolGroup00
  LV UUID                B4Kxab-R1xW-P2KK-N3kM-bJYy-PlAm-IbWHpM
  LV Write Access        read/write
  LV Status              available
  # open                 1
  LV Size                1.50 GB
  Current LE             48
  Segments               1
  Allocation             inherit
  Read ahead sectors     auto
  - currently set to     256
  Block device           253:1
   
[root@localhost ~]# mke2fs -j /dev/myvg/testlv 
mke2fs 1.39 (29-May-2006)
Filesystem label=
OS type: Linux
Block size=1024 (log=0)
Fragment size=1024 (log=0)
77824 inodes, 311296 blocks
15564 blocks (5.00%) reserved for the super user
First data block=1
Maximum filesystem blocks=67633152
38 block groups
8192 blocks per group, 8192 fragments per group
2048 inodes per group
Superblock backups stored on blocks: 
        8193, 24577, 40961, 57345, 73729, 204801, 221185

Writing inode tables: done                            
Creating journal (8192 blocks): done
Writing superblocks and filesystem accounting information: done

This filesystem will be automatically checked every 20 mounts or
180 days, whichever comes first.  Use tune2fs -c or -i to override.
[root@localhost ~]# ls
anaconda-ks.cfg  Desktop      install.log.syslog  mysql-5.0.86.tar.gz  rg
apache_tools     install.log  mysql-5.0.86        nginx-tools          shsh
[root@localhost ~]# df
?¨C?????3????               1K-??¡ª        ?¡¤2?¡±¡§     ??¡¥?¡±¡§ ?¡¤2?¡±¡§% ???¨¨????1
/dev/mapper/VolGroup00-LogVol00
                      18664164   7265688  10435100  42% /
/dev/sda1               101086     12178     83689  13% /boot
tmpfs                   137728         0    137728   0% /dev/shm
[root@localhost ~]# mount /dev/myvg/testlv /mnt/
[root@localhost ~]# df
?¨C?????3????               1K-??¡ª        ?¡¤2?¡±¡§     ??¡¥?¡±¡§ ?¡¤2?¡±¡§% ???¨¨????1
/dev/mapper/VolGroup00-LogVol00
                      18664164   7265688  10435100  42% /
/dev/sda1               101086     12178     83689  13% /boot
tmpfs                   137728         0    137728   0% /dev/shm
/dev/mapper/myvg-testlv
                        301467     10288    275615   4% /mnt
[root@localhost ~]# ls -l
?€?¨¨?? 21752
-rw-------  1 root root      1262 02-23 20:00 anaconda-ks.cfg
drwxr-xr-x  4 root root      4096 02-24 05:52 apache_tools
drwxr-xr-x  2 root root      4096 02-23 20:02 Desktop
-rw-r--r--  1 root root     32686 02-23 20:00 install.log
-rw-r--r--  1 root root         0 02-23 19:48 install.log.syslog
drwxrwxrwx 39 7155 wheel     4096 02-27 05:44 mysql-5.0.86
-rw-r--r--  1 root root  22170585 2010-09-27 mysql-5.0.86.tar.gz
drwxr-xr-x  4 root root      4096 02-24 04:09 nginx-tools
-rw-r--r--  1 root root        33 02-28 04:48 rg
drwxr-xr-x  2 root root      4096 03-09 07:13 shsh
[root@localhost ~]# df -lh
?¨C?????3????              ??1¨¦??  ?¡¤2?¡±¡§ ??¡¥?¡±¡§ ?¡¤2?¡±¡§% ???¨¨????1
/dev/mapper/VolGroup00-LogVol00
                       18G  7.0G   10G  42% /
/dev/sda1              99M   12M   82M  13% /boot
tmpfs                 135M     0  135M   0% /dev/shm
/dev/mapper/myvg-testlv
                      295M   11M  270M   4% /mnt
[root@localhost ~]# umount /mnt
[root@localhost ~]# lvremove /dev/myvg/testlv 
Do you really want to remove active logical volume testlv? [y/n]: y
  Logical volume "testlv" successfully removed
[root@localhost ~]# lvs
  LV       VG         Attr   LSize  Origin Snap%  Move Log Copy%  Convert
  LogVol00 VolGroup00 -wi-ao 18.38G                                      
  LogVol01 VolGroup00 -wi-ao  1.50G                                      
[root@localhost ~]# 


























[root@localhost ~]# lvreduce -L 200M /dev/myvg/testlv 
  WARNING: Reducing active logical volume to 200.00 MB
  THIS MAY DESTROY YOUR DATA (filesystem etc.)
Do you really want to reduce testlv? [y/n]: y
  Reducing logical volume testlv to 200.00 MB
  Logical volume testlv successfully resized
[root@localhost ~]# mount /dev/myvg/testlv /mnt
[root@localhost ~]# head -n 10 /mnt/inittab 
#
# inittab       This file describes how the INIT process should set up
#               the system in a certain run-level.
#
# Author:       Miquel van Smoorenburg, <miquels@drinkel.nl.mugnet.org>
#               Modified for RHS Linux by Marc Ewing and Donnie Barnes
#

# Default runlevel. The runlevels used by RHS are:
#   0 - halt (Do NOT set initdefault to this)
[root@localhost ~]# lvcreate -L 50M -n testlv -s -p -r /dev/myvg/testlv 
  Invalid argument -r
  Error during parsing of command line.
[root@localhost ~]# lvcreate -L 50M -n testlv -s -p r /dev/myvg/testlv 
  Logical volume "testlv" already exists in volume group "myvg"
[root@localhost ~]# lvs
  LV       VG         Attr   LSize   Origin Snap%  Move Log Copy%  Convert
  LogVol00 VolGroup00 -wi-ao  18.38G                                      
  LogVol01 VolGroup00 -wi-ao   1.50G                                      
  testlv   myvg       -wi-ao 200.00M                                      
[root@localhost ~]# mkdir /sn
[root@localhost ~]# mount /dev/myvg/testlv 
anaconda-ks.cfg      .gconfd/             mysql-5.0.86.tar.gz
apache_tools/        .gnome/              .mysql_history
.bash_history        .gnome2/             .nautilus/
.bash_logout         .gnome2_private/     nginx-tools/
.bash_profile        .gstreamer-0.10/     .redhat/
.bashrc              .gtkrc-1.2-gnome2    rg
.chewing/            .ICEauthority        .scim/
.cshrc               install.log          shsh/
Desktop/             install.log.syslog   .ssh/
.dmrc                .lesshst             .tcshrc
.eggcups/            .metacity/           .Trash/
.gconf/              mysql-5.0.86/        .viminfo
[root@localhost ~]# mount /dev/myvg/testlv 
anaconda-ks.cfg      .gconfd/             mysql-5.0.86.tar.gz
apache_tools/        .gnome/              .mysql_history
.bash_history        .gnome2/             .nautilus/
.bash_logout         .gnome2_private/     nginx-tools/
.bash_profile        .gstreamer-0.10/     .redhat/
.bashrc              .gtkrc-1.2-gnome2    rg
.chewing/            .ICEauthority        .scim/
.cshrc               install.log          shsh/
Desktop/             install.log.syslog   .ssh/
.dmrc                .lesshst             .tcshrc
.eggcups/            .metacity/           .Trash/
.gconf/              mysql-5.0.86/        .viminfo
[root@localhost ~]# mount /dev/myvg/testlv 
anaconda-ks.cfg      .gconfd/             mysql-5.0.86.tar.gz
apache_tools/        .gnome/              .mysql_history
.bash_history        .gnome2/             .nautilus/
.bash_logout         .gnome2_private/     nginx-tools/
.bash_profile        .gstreamer-0.10/     .redhat/
.bashrc              .gtkrc-1.2-gnome2    rg
.chewing/            .ICEauthority        .scim/
.cshrc               install.log          shsh/
Desktop/             install.log.syslog   .ssh/
.dmrc                .lesshst             .tcshrc
.eggcups/            .metacity/           .Trash/
.gconf/              mysql-5.0.86/        .viminfo
[root@localhost ~]# lvcreate -L 50M -n testlv_an -s -p r /dev/myvg/testlv 
  Rounding up size to full physical extent 56.00 MB
  Logical volume "testlv_an" created
[root@localhost ~]# mount /dev/myvg/testlv
testlv     testlv_an  
[root@localhost ~]# mount /dev/myvg/testlv_an /sn
mount: block device /dev/myvg/testlv_an is write-protected, mounting read-only
[root@localhost ~]# cat /sn/inittab 
#
# inittab       This file describes how the INIT process should set up
#               the system in a certain run-level.
#
# Author:       Miquel van Smoorenburg, <miquels@drinkel.nl.mugnet.org>
#               Modified for RHS Linux by Marc Ewing and Donnie Barnes
#

# Default runlevel. The runlevels used by RHS are:
#   0 - halt (Do NOT set initdefault to this)
#   1 - Single user mode
#   2 - Multiuser, without NFS (The same as 3, if you do not have networking)
#   3 - Full multiuser mode
#   4 - unused
#   5 - X11
#   6 - reboot (Do NOT set initdefault to this)
# 
id:3:initdefault:

# System initialization.
si::sysinit:/etc/rc.d/rc.sysinit

l0:0:wait:/etc/rc.d/rc 0
l1:1:wait:/etc/rc.d/rc 1
l2:2:wait:/etc/rc.d/rc 2
l3:3:wait:/etc/rc.d/rc 3
l4:4:wait:/etc/rc.d/rc 4
l5:5:wait:/etc/rc.d/rc 5
l6:6:wait:/etc/rc.d/rc 6

# Trap CTRL-ALT-DELETE
ca::ctrlaltdel:/sbin/shutdown -t3 -r now

# When our UPS tells us power has failed, assume we have a few minutes
# of power left.  Schedule a shutdown for 2 minutes from now.
# This does, of course, assume you have powerd installed and your
# UPS connected and working correctly.  
pf::powerfail:/sbin/shutdown -f -h +2 "Power Failure; System Shutting Down"

# If power was restored before the shutdown kicked in, cancel it.
pr:12345:powerokwait:/sbin/shutdown -c "Power Restored; Shutdown Cancelled"


# Run gettys in standard runlevels
1:2345:respawn:/sbin/mingetty tty1
2:2345:respawn:/sbin/mingetty tty2
3:2345:respawn:/sbin/mingetty tty3
4:2345:respawn:/sbin/mingetty tty4
5:2345:respawn:/sbin/mingetty tty5
6:2345:respawn:/sbin/mingetty tty6

# Run xdm in runlevel 5
x:5:respawn:/etc/X11/prefdm -nodaemon
[root@localhost ~]# cat -n /sn/inittab 
     1  #
     2  # inittab       This file describes how the INIT process should set up
     3  #               the system in a certain run-level.
     4  #
     5  # Author:       Miquel van Smoorenburg, <miquels@drinkel.nl.mugnet.org>
     6  #               Modified for RHS Linux by Marc Ewing and Donnie Barnes
     7  #
     8
     9  # Default runlevel. The runlevels used by RHS are:
    10  #   0 - halt (Do NOT set initdefault to this)
    11  #   1 - Single user mode
    12  #   2 - Multiuser, without NFS (The same as 3, if you do not have networking)
    13  #   3 - Full multiuser mode
    14  #   4 - unused
    15  #   5 - X11
    16  #   6 - reboot (Do NOT set initdefault to this)
    17  # 
    18  id:3:initdefault:
    19
    20  # System initialization.
    21  si::sysinit:/etc/rc.d/rc.sysinit
    22
    23  l0:0:wait:/etc/rc.d/rc 0
    24  l1:1:wait:/etc/rc.d/rc 1
    25  l2:2:wait:/etc/rc.d/rc 2
    26  l3:3:wait:/etc/rc.d/rc 3
    27  l4:4:wait:/etc/rc.d/rc 4
    28  l5:5:wait:/etc/rc.d/rc 5
    29  l6:6:wait:/etc/rc.d/rc 6
    30
    31  # Trap CTRL-ALT-DELETE
    32  ca::ctrlaltdel:/sbin/shutdown -t3 -r now
    33
    34  # When our UPS tells us power has failed, assume we have a few minutes
    35  # of power left.  Schedule a shutdown for 2 minutes from now.
    36  # This does, of course, assume you have powerd installed and your
    37  # UPS connected and working correctly.  
    38  pf::powerfail:/sbin/shutdown -f -h +2 "Power Failure; System Shutting Down"
    39
    40  # If power was restored before the shutdown kicked in, cancel it.
    41  pr:12345:powerokwait:/sbin/shutdown -c "Power Restored; Shutdown Cancelled"
    42
    43
    44  # Run gettys in standard runlevels
    45  1:2345:respawn:/sbin/mingetty tty1
    46  2:2345:respawn:/sbin/mingetty tty2
    47  3:2345:respawn:/sbin/mingetty tty3
    48  4:2345:respawn:/sbin/mingetty tty4
    49  5:2345:respawn:/sbin/mingetty tty5
    50  6:2345:respawn:/sbin/mingetty tty6
    51
    52  # Run xdm in runlevel 5
    53  x:5:respawn:/etc/X11/prefdm -nodaemon
[root@localhost ~]# ls
anaconda-ks.cfg  Desktop      install.log.syslog  mysql-5.0.86.tar.gz  rg
apache_tools     install.log  mysql-5.0.86        nginx-tools          shsh
[root@localhost ~]# tar -jcf /root/user.tar.bz2 /sn/inittab 
tar: ???????¡®??????-???¨¦?¡è??€?¡è¡ä???a€?/a€?
[root@localhost ~]# LANG=en.US.utf8
[root@localhost ~]# tar -jcf /root/user.tar.bz2 /sn/inittab 
tar: Removing leading `/' from member names
[root@localhost ~]# tar -jcf /root/user.tar.bz2 sn/inittab 
tar: sn/inittab: Cannot stat: No such file or directory
tar: Error exit delayed from previous errors
[root@localhost ~]# tar -jcf /root/user.tar.bz2 /sn/inittab 
tar: Removing leading `/' from member names
[root@localhost ~]# cat /sn/inittab 
#
# inittab       This file describes how the INIT process should set up
#               the system in a certain run-level.
#
# Author:       Miquel van Smoorenburg, <miquels@drinkel.nl.mugnet.org>
#               Modified for RHS Linux by Marc Ewing and Donnie Barnes
#

# Default runlevel. The runlevels used by RHS are:
#   0 - halt (Do NOT set initdefault to this)
#   1 - Single user mode
#   2 - Multiuser, without NFS (The same as 3, if you do not have networking)
#   3 - Full multiuser mode
#   4 - unused
#   5 - X11
#   6 - reboot (Do NOT set initdefault to this)
# 
id:3:initdefault:

# System initialization.
si::sysinit:/etc/rc.d/rc.sysinit

l0:0:wait:/etc/rc.d/rc 0
l1:1:wait:/etc/rc.d/rc 1
l2:2:wait:/etc/rc.d/rc 2
l3:3:wait:/etc/rc.d/rc 3
l4:4:wait:/etc/rc.d/rc 4
l5:5:wait:/etc/rc.d/rc 5
l6:6:wait:/etc/rc.d/rc 6

# Trap CTRL-ALT-DELETE
ca::ctrlaltdel:/sbin/shutdown -t3 -r now

# When our UPS tells us power has failed, assume we have a few minutes
# of power left.  Schedule a shutdown for 2 minutes from now.
# This does, of course, assume you have powerd installed and your
# UPS connected and working correctly.  
pf::powerfail:/sbin/shutdown -f -h +2 "Power Failure; System Shutting Down"

# If power was restored before the shutdown kicked in, cancel it.
pr:12345:powerokwait:/sbin/shutdown -c "Power Restored; Shutdown Cancelled"


# Run gettys in standard runlevels
1:2345:respawn:/sbin/mingetty tty1
2:2345:respawn:/sbin/mingetty tty2
3:2345:respawn:/sbin/mingetty tty3
4:2345:respawn:/sbin/mingetty tty4
5:2345:respawn:/sbin/mingetty tty5
6:2345:respawn:/sbin/mingetty tty6

# Run xdm in runlevel 5
x:5:respawn:/etc/X11/prefdm -nodaemon
[root@localhost ~]# ls
Desktop          install.log         mysql-5.0.86.tar.gz  shsh
anaconda-ks.cfg  install.log.syslog  nginx-tools          user.tar.bz2
apache_tools     mysql-5.0.86        rg
[root@localhost ~]# tar -jcf user.tar.bz2 /sn/inittab 
tar: Removing leading `/' from member names
[root@localhost ~]# tar cf user.tar.bz2 /sn/inittab 
tar: Removing leading `/' from member names
[root@localhost ~]# tar user.tar.bz2 /sn/inittab 
tar: invalid option -- e
Try `tar --help' or `tar --usage' for more information.
[root@localhost ~]# tar -c user.tar.bz2 /sn/inittab 
user.tar.bz20000644000000000000000000002400012307166477011747 0ustar  rootrootsn/inittab0000644000000000000000000000320212307161342011545 0ustar  rootroot#
# inittab       This file describes how the INIT process should set up
#               the system in a certain run-level.
#
# Author:       Miquel van Smoorenburg, <miquels@drinkel.nl.mugnet.org>
#               Modified for RHS Linux by Marc Ewing and Donnie Barnes
#

# Default runlevel. The runlevels used by RHS are:
#   0 - halt (Do NOT set initdefault to this)
#   1 - Single user mode
#   2 - Multiuser, without NFS (The same as 3, if you do not have networking)
#   3 - Full multiuser mode
#   4 - unused
#   5 - X11
#   6 - reboot (Do NOT set initdefault to this)
# 
id:3:initdefault:

# System initialization.
si::sysinit:/etc/rc.d/rc.sysinit

l0:0:wait:/etc/rc.d/rc 0
l1:1:wait:/etc/rc.d/rc 1
l2:2:wait:/etc/rc.d/rc 2
l3:3:wait:/etc/rc.d/rc 3
l4:4:wait:/etc/rc.d/rc 4
l5:5:wait:/etc/rc.d/rc 5
l6:6:wait:/etc/rc.d/rc 6

# Trap CTRL-ALT-DELETE
ca::ctrlaltdel:/sbin/shutdown -t3 -r now

# When our UPS tells us power has failed, assume we have a few minutes
# of power left.  Schedule a shutdown for 2 minutes from now.
# This does, of course, assume you have powerd installed and your
# UPS connected and working correctly.  
pf::powerfail:/sbin/shutdown -f -h +2 "Power Failure; System Shutting Down"

# If power was restored before the shutdown kicked in, cancel it.
pr:12345:powerokwait:/sbin/shutdown -c "Power Restored; Shutdown Cancelled"


# Run gettys in standard runlevels
1:2345:respawn:/sbin/mingetty tty1
2:2345:respawn:/sbin/mingetty tty2
3:2345:respawn:/sbin/mingetty tty3
4:2345:respawn:/sbin/mingetty tty4
5:2345:respawn:/sbin/mingetty tty5
6:2345:respawn:/sbin/mingetty tty6

# Run xdm in runlevel 5
x:5:respawn:/etc/X11/prefdm -nodaemon
tar: Removing leading `/' from member names
sn/inittab0000644000000000000000000000320212307161342011545 0ustar  rootroot#
# inittab       This file describes how the INIT process should set up
#               the system in a certain run-level.
#
# Author:       Miquel van Smoorenburg, <miquels@drinkel.nl.mugnet.org>
#               Modified for RHS Linux by Marc Ewing and Donnie Barnes
#

# Default runlevel. The runlevels used by RHS are:
#   0 - halt (Do NOT set initdefault to this)
#   1 - Single user mode
#   2 - Multiuser, without NFS (The same as 3, if you do not have networking)
#   3 - Full multiuser mode
#   4 - unused
#   5 - X11
#   6 - reboot (Do NOT set initdefault to this)
# 
id:3:initdefault:

# System initialization.
si::sysinit:/etc/rc.d/rc.sysinit

l0:0:wait:/etc/rc.d/rc 0
l1:1:wait:/etc/rc.d/rc 1
l2:2:wait:/etc/rc.d/rc 2
l3:3:wait:/etc/rc.d/rc 3
l4:4:wait:/etc/rc.d/rc 4
l5:5:wait:/etc/rc.d/rc 5
l6:6:wait:/etc/rc.d/rc 6

# Trap CTRL-ALT-DELETE
ca::ctrlaltdel:/sbin/shutdown -t3 -r now

# When our UPS tells us power has failed, assume we have a few minutes
# of power left.  Schedule a shutdown for 2 minutes from now.
# This does, of course, assume you have powerd installed and your
# UPS connected and working correctly.  
pf::powerfail:/sbin/shutdown -f -h +2 "Power Failure; System Shutting Down"

# If power was restored before the shutdown kicked in, cancel it.
pr:12345:powerokwait:/sbin/shutdown -c "Power Restored; Shutdown Cancelled"


# Run gettys in standard runlevels
1:2345:respawn:/sbin/mingetty tty1
2:2345:respawn:/sbin/mingetty tty2
3:2345:respawn:/sbin/mingetty tty3
4:2345:respawn:/sbin/mingetty tty4
5:2345:respawn:/sbin/mingetty tty5
6:2345:respawn:/sbin/mingetty tty6

# Run xdm in runlevel 5
x:5:respawn:/etc/X11/prefdm -nodaemon
[root@localhost ~]# tar -cf user.tar.bz2 /sn/inittab 
tar: Removing leading `/' from member names
[root@localhost ~]# ls
Desktop          install.log         mysql-5.0.86.tar.gz  shsh
anaconda-ks.cfg  install.log.syslog  nginx-tools          user.tar.bz2
apache_tools     mysql-5.0.86        rg
[root@localhost ~]# zcat user.tar.bz2 

zcat: user.tar.bz2: not in gzip format
[root@localhost ~]# umount /sn
[root@localhost ~]# lvremove /dev/myvg/testlv_an 
Do you really want to remove active logical volume testlv_an? [y/n]: y
  Logical volume "testlv_an" successfully removed
[root@localhost ~]# 